// Jest Snapshot v1, https://goo.gl/fbAQLP

exports[`[Component] Loader Display Loader Component 1`] = `
ShallowWrapper {
  Symbol(enzyme.__root__): [Circular],
  Symbol(enzyme.__unrendered__): <Loader />,
  Symbol(enzyme.__renderer__): Object {
    "batchedUpdates": [Function],
    "getNode": [Function],
    "render": [Function],
    "simulateError": [Function],
    "simulateEvent": [Function],
    "unmount": [Function],
  },
  Symbol(enzyme.__node__): Object {
    "instance": null,
    "key": undefined,
    "nodeType": "class",
    "props": Object {
      "alignItems": "center",
      "children": <WithStyles(Grid)
        item={true}
>
        <WithStyles(CircularProgress)
                style={
                        Object {
                                "color": "#333",
                              }
                }
                thickness={7}
        />
</WithStyles(Grid)>,
      "container": true,
      "direction": "row",
      "item": true,
      "justify": "center",
      "style": Object {
        "flex": 1,
      },
    },
    "ref": null,
    "rendered": Object {
      "instance": null,
      "key": undefined,
      "nodeType": "class",
      "props": Object {
        "children": <WithStyles(CircularProgress)
          style={
                    Object {
                              "color": "#333",
                            }
          }
          thickness={7}
/>,
        "item": true,
      },
      "ref": null,
      "rendered": Object {
        "instance": null,
        "key": undefined,
        "nodeType": "class",
        "props": Object {
          "style": Object {
            "color": "#333",
          },
          "thickness": 7,
        },
        "ref": null,
        "rendered": null,
        "type": [Function],
      },
      "type": [Function],
    },
    "type": [Function],
  },
  Symbol(enzyme.__nodes__): Array [
    Object {
      "instance": null,
      "key": undefined,
      "nodeType": "class",
      "props": Object {
        "alignItems": "center",
        "children": <WithStyles(Grid)
          item={true}
>
          <WithStyles(CircularProgress)
                    style={
                              Object {
                                        "color": "#333",
                                      }
                    }
                    thickness={7}
          />
</WithStyles(Grid)>,
        "container": true,
        "direction": "row",
        "item": true,
        "justify": "center",
        "style": Object {
          "flex": 1,
        },
      },
      "ref": null,
      "rendered": Object {
        "instance": null,
        "key": undefined,
        "nodeType": "class",
        "props": Object {
          "children": <WithStyles(CircularProgress)
            style={
                        Object {
                                    "color": "#333",
                                  }
            }
            thickness={7}
/>,
          "item": true,
        },
        "ref": null,
        "rendered": Object {
          "instance": null,
          "key": undefined,
          "nodeType": "class",
          "props": Object {
            "style": Object {
              "color": "#333",
            },
            "thickness": 7,
          },
          "ref": null,
          "rendered": null,
          "type": [Function],
        },
        "type": [Function],
      },
      "type": [Function],
    },
  ],
  Symbol(enzyme.__options__): Object {
    "adapter": ReactSixteenAdapter {
      "options": Object {
        "enableComponentDidUpdateOnSetState": true,
        "lifecycles": Object {
          "componentDidUpdate": Object {
            "onSetState": true,
          },
          "getDerivedStateFromProps": true,
          "getSnapshotBeforeUpdate": true,
          "setState": Object {
            "skipsComponentDidUpdateOnNullish": true,
          },
        },
      },
    },
  },
}
`;
