// Jest Snapshot v1, https://goo.gl/fbAQLP

exports[`[Component] ButtonBack Display Button Back Component 1`] = `
ShallowWrapper {
  Symbol(enzyme.__root__): [Circular],
  Symbol(enzyme.__unrendered__): <ButtonBack />,
  Symbol(enzyme.__renderer__): Object {
    "batchedUpdates": [Function],
    "getNode": [Function],
    "render": [Function],
    "simulateError": [Function],
    "simulateEvent": [Function],
    "unmount": [Function],
  },
  Symbol(enzyme.__node__): Object {
    "instance": null,
    "key": undefined,
    "nodeType": "class",
    "props": Object {
      "children": <Link
        replace={false}
        to="/"
>
        <WithStyles(Button)
                aria-label="Close"
                style={
                        Object {
                                "backgroundColor": "#c8a3ff",
                                "marginBottom": 10,
                              }
                }
                variant="fab"
        >
                <pure(ArrowBackIcon) />
        </WithStyles(Button)>
</Link>,
      "item": true,
    },
    "ref": null,
    "rendered": Object {
      "instance": null,
      "key": undefined,
      "nodeType": "class",
      "props": Object {
        "children": <WithStyles(Button)
          aria-label="Close"
          style={
                    Object {
                              "backgroundColor": "#c8a3ff",
                              "marginBottom": 10,
                            }
          }
          variant="fab"
>
          <pure(ArrowBackIcon) />
</WithStyles(Button)>,
        "replace": false,
        "to": "/",
      },
      "ref": null,
      "rendered": Object {
        "instance": null,
        "key": undefined,
        "nodeType": "class",
        "props": Object {
          "aria-label": "Close",
          "children": <pure(ArrowBackIcon) />,
          "style": Object {
            "backgroundColor": "#c8a3ff",
            "marginBottom": 10,
          },
          "variant": "fab",
        },
        "ref": null,
        "rendered": Object {
          "instance": null,
          "key": undefined,
          "nodeType": "class",
          "props": Object {},
          "ref": null,
          "rendered": null,
          "type": [Function],
        },
        "type": [Function],
      },
      "type": [Function],
    },
    "type": [Function],
  },
  Symbol(enzyme.__nodes__): Array [
    Object {
      "instance": null,
      "key": undefined,
      "nodeType": "class",
      "props": Object {
        "children": <Link
          replace={false}
          to="/"
>
          <WithStyles(Button)
                    aria-label="Close"
                    style={
                              Object {
                                        "backgroundColor": "#c8a3ff",
                                        "marginBottom": 10,
                                      }
                    }
                    variant="fab"
          >
                    <pure(ArrowBackIcon) />
          </WithStyles(Button)>
</Link>,
        "item": true,
      },
      "ref": null,
      "rendered": Object {
        "instance": null,
        "key": undefined,
        "nodeType": "class",
        "props": Object {
          "children": <WithStyles(Button)
            aria-label="Close"
            style={
                        Object {
                                    "backgroundColor": "#c8a3ff",
                                    "marginBottom": 10,
                                  }
            }
            variant="fab"
>
            <pure(ArrowBackIcon) />
</WithStyles(Button)>,
          "replace": false,
          "to": "/",
        },
        "ref": null,
        "rendered": Object {
          "instance": null,
          "key": undefined,
          "nodeType": "class",
          "props": Object {
            "aria-label": "Close",
            "children": <pure(ArrowBackIcon) />,
            "style": Object {
              "backgroundColor": "#c8a3ff",
              "marginBottom": 10,
            },
            "variant": "fab",
          },
          "ref": null,
          "rendered": Object {
            "instance": null,
            "key": undefined,
            "nodeType": "class",
            "props": Object {},
            "ref": null,
            "rendered": null,
            "type": [Function],
          },
          "type": [Function],
        },
        "type": [Function],
      },
      "type": [Function],
    },
  ],
  Symbol(enzyme.__options__): Object {
    "adapter": ReactSixteenAdapter {
      "options": Object {
        "enableComponentDidUpdateOnSetState": true,
        "lifecycles": Object {
          "componentDidUpdate": Object {
            "onSetState": true,
          },
          "getDerivedStateFromProps": true,
          "getSnapshotBeforeUpdate": true,
          "setState": Object {
            "skipsComponentDidUpdateOnNullish": true,
          },
        },
      },
    },
  },
}
`;
