// Jest Snapshot v1, https://goo.gl/fbAQLP

exports[`[Component] Search Display SearchInput Component with props 1`] = `
ShallowWrapper {
  Symbol(enzyme.__root__): [Circular],
  Symbol(enzyme.__unrendered__): <SearchInput
    search={[Function]}
/>,
  Symbol(enzyme.__renderer__): Object {
    "batchedUpdates": [Function],
    "getNode": [Function],
    "render": [Function],
    "simulateError": [Function],
    "simulateEvent": [Function],
    "unmount": [Function],
  },
  Symbol(enzyme.__node__): Object {
    "instance": null,
    "key": undefined,
    "nodeType": "class",
    "props": Object {
      "children": <WithStyles(Paper)
        elevation={1}
        style={
                Object {
                        "backgroundColor": "#c8a3ff",
                        "borderBottomColor": "#9d5bff",
                        "borderBottomWidth": 10,
                        "borderLeft": "none",
                        "borderRadius": 10,
                        "borderRight": "none",
                        "borderTop": "none",
                        "padding": 10,
                      }
        }
>
        <DebounceInput
                debounceTimeout={500}
                element="input"
                forceNotifyByEnter={true}
                forceNotifyOnBlur={true}
                inputRef={undefined}
                minLength={0}
                onBlur={undefined}
                onChange={[Function]}
                onKeyDown={undefined}
                placeholder="Search"
                style={
                        Object {
                                "backgroundColor": "#c8a3ff",
                                "borderBottomColor": "#9d5bff",
                                "borderBottomWidth": 10,
                                "borderLeft": "none",
                                "borderRadius": 10,
                                "borderRight": "none",
                                "borderTop": "none",
                                "padding": 10,
                              }
                }
                type="text"
                value={undefined}
        />
</WithStyles(Paper)>,
      "item": true,
      "style": Object {
        "margin": 20,
      },
    },
    "ref": null,
    "rendered": Object {
      "instance": null,
      "key": undefined,
      "nodeType": "class",
      "props": Object {
        "children": <DebounceInput
          debounceTimeout={500}
          element="input"
          forceNotifyByEnter={true}
          forceNotifyOnBlur={true}
          inputRef={undefined}
          minLength={0}
          onBlur={undefined}
          onChange={[Function]}
          onKeyDown={undefined}
          placeholder="Search"
          style={
                    Object {
                              "backgroundColor": "#c8a3ff",
                              "borderBottomColor": "#9d5bff",
                              "borderBottomWidth": 10,
                              "borderLeft": "none",
                              "borderRadius": 10,
                              "borderRight": "none",
                              "borderTop": "none",
                              "padding": 10,
                            }
          }
          type="text"
          value={undefined}
/>,
        "elevation": 1,
        "style": Object {
          "backgroundColor": "#c8a3ff",
          "borderBottomColor": "#9d5bff",
          "borderBottomWidth": 10,
          "borderLeft": "none",
          "borderRadius": 10,
          "borderRight": "none",
          "borderTop": "none",
          "padding": 10,
        },
      },
      "ref": null,
      "rendered": Object {
        "instance": null,
        "key": undefined,
        "nodeType": "class",
        "props": Object {
          "debounceTimeout": 500,
          "element": "input",
          "forceNotifyByEnter": true,
          "forceNotifyOnBlur": true,
          "inputRef": undefined,
          "minLength": 0,
          "onBlur": undefined,
          "onChange": [Function],
          "onKeyDown": undefined,
          "placeholder": "Search",
          "style": Object {
            "backgroundColor": "#c8a3ff",
            "borderBottomColor": "#9d5bff",
            "borderBottomWidth": 10,
            "borderLeft": "none",
            "borderRadius": 10,
            "borderRight": "none",
            "borderTop": "none",
            "padding": 10,
          },
          "type": "text",
          "value": undefined,
        },
        "ref": null,
        "rendered": null,
        "type": [Function],
      },
      "type": [Function],
    },
    "type": [Function],
  },
  Symbol(enzyme.__nodes__): Array [
    Object {
      "instance": null,
      "key": undefined,
      "nodeType": "class",
      "props": Object {
        "children": <WithStyles(Paper)
          elevation={1}
          style={
                    Object {
                              "backgroundColor": "#c8a3ff",
                              "borderBottomColor": "#9d5bff",
                              "borderBottomWidth": 10,
                              "borderLeft": "none",
                              "borderRadius": 10,
                              "borderRight": "none",
                              "borderTop": "none",
                              "padding": 10,
                            }
          }
>
          <DebounceInput
                    debounceTimeout={500}
                    element="input"
                    forceNotifyByEnter={true}
                    forceNotifyOnBlur={true}
                    inputRef={undefined}
                    minLength={0}
                    onBlur={undefined}
                    onChange={[Function]}
                    onKeyDown={undefined}
                    placeholder="Search"
                    style={
                              Object {
                                        "backgroundColor": "#c8a3ff",
                                        "borderBottomColor": "#9d5bff",
                                        "borderBottomWidth": 10,
                                        "borderLeft": "none",
                                        "borderRadius": 10,
                                        "borderRight": "none",
                                        "borderTop": "none",
                                        "padding": 10,
                                      }
                    }
                    type="text"
                    value={undefined}
          />
</WithStyles(Paper)>,
        "item": true,
        "style": Object {
          "margin": 20,
        },
      },
      "ref": null,
      "rendered": Object {
        "instance": null,
        "key": undefined,
        "nodeType": "class",
        "props": Object {
          "children": <DebounceInput
            debounceTimeout={500}
            element="input"
            forceNotifyByEnter={true}
            forceNotifyOnBlur={true}
            inputRef={undefined}
            minLength={0}
            onBlur={undefined}
            onChange={[Function]}
            onKeyDown={undefined}
            placeholder="Search"
            style={
                        Object {
                                    "backgroundColor": "#c8a3ff",
                                    "borderBottomColor": "#9d5bff",
                                    "borderBottomWidth": 10,
                                    "borderLeft": "none",
                                    "borderRadius": 10,
                                    "borderRight": "none",
                                    "borderTop": "none",
                                    "padding": 10,
                                  }
            }
            type="text"
            value={undefined}
/>,
          "elevation": 1,
          "style": Object {
            "backgroundColor": "#c8a3ff",
            "borderBottomColor": "#9d5bff",
            "borderBottomWidth": 10,
            "borderLeft": "none",
            "borderRadius": 10,
            "borderRight": "none",
            "borderTop": "none",
            "padding": 10,
          },
        },
        "ref": null,
        "rendered": Object {
          "instance": null,
          "key": undefined,
          "nodeType": "class",
          "props": Object {
            "debounceTimeout": 500,
            "element": "input",
            "forceNotifyByEnter": true,
            "forceNotifyOnBlur": true,
            "inputRef": undefined,
            "minLength": 0,
            "onBlur": undefined,
            "onChange": [Function],
            "onKeyDown": undefined,
            "placeholder": "Search",
            "style": Object {
              "backgroundColor": "#c8a3ff",
              "borderBottomColor": "#9d5bff",
              "borderBottomWidth": 10,
              "borderLeft": "none",
              "borderRadius": 10,
              "borderRight": "none",
              "borderTop": "none",
              "padding": 10,
            },
            "type": "text",
            "value": undefined,
          },
          "ref": null,
          "rendered": null,
          "type": [Function],
        },
        "type": [Function],
      },
      "type": [Function],
    },
  ],
  Symbol(enzyme.__options__): Object {
    "adapter": ReactSixteenAdapter {
      "options": Object {
        "enableComponentDidUpdateOnSetState": true,
        "lifecycles": Object {
          "componentDidUpdate": Object {
            "onSetState": true,
          },
          "getDerivedStateFromProps": true,
          "getSnapshotBeforeUpdate": true,
          "setState": Object {
            "skipsComponentDidUpdateOnNullish": true,
          },
        },
      },
    },
  },
}
`;

exports[`[Component] Search SearchInput onChange event 1`] = `
ShallowWrapper {
  Symbol(enzyme.__root__): [Circular],
  Symbol(enzyme.__unrendered__): <SearchInput
    search={[Function]}
/>,
  Symbol(enzyme.__renderer__): Object {
    "batchedUpdates": [Function],
    "getNode": [Function],
    "render": [Function],
    "simulateError": [Function],
    "simulateEvent": [Function],
    "unmount": [Function],
  },
  Symbol(enzyme.__node__): Object {
    "instance": null,
    "key": undefined,
    "nodeType": "class",
    "props": Object {
      "children": <WithStyles(Paper)
        elevation={1}
        style={
                Object {
                        "backgroundColor": "#c8a3ff",
                        "borderBottomColor": "#9d5bff",
                        "borderBottomWidth": 10,
                        "borderLeft": "none",
                        "borderRadius": 10,
                        "borderRight": "none",
                        "borderTop": "none",
                        "padding": 10,
                      }
        }
>
        <DebounceInput
                debounceTimeout={500}
                element="input"
                forceNotifyByEnter={true}
                forceNotifyOnBlur={true}
                inputRef={undefined}
                minLength={0}
                onBlur={undefined}
                onChange={[Function]}
                onKeyDown={undefined}
                placeholder="Search"
                style={
                        Object {
                                "backgroundColor": "#c8a3ff",
                                "borderBottomColor": "#9d5bff",
                                "borderBottomWidth": 10,
                                "borderLeft": "none",
                                "borderRadius": 10,
                                "borderRight": "none",
                                "borderTop": "none",
                                "padding": 10,
                              }
                }
                type="text"
                value={undefined}
        />
</WithStyles(Paper)>,
      "item": true,
      "style": Object {
        "margin": 20,
      },
    },
    "ref": null,
    "rendered": Object {
      "instance": null,
      "key": undefined,
      "nodeType": "class",
      "props": Object {
        "children": <DebounceInput
          debounceTimeout={500}
          element="input"
          forceNotifyByEnter={true}
          forceNotifyOnBlur={true}
          inputRef={undefined}
          minLength={0}
          onBlur={undefined}
          onChange={[Function]}
          onKeyDown={undefined}
          placeholder="Search"
          style={
                    Object {
                              "backgroundColor": "#c8a3ff",
                              "borderBottomColor": "#9d5bff",
                              "borderBottomWidth": 10,
                              "borderLeft": "none",
                              "borderRadius": 10,
                              "borderRight": "none",
                              "borderTop": "none",
                              "padding": 10,
                            }
          }
          type="text"
          value={undefined}
/>,
        "elevation": 1,
        "style": Object {
          "backgroundColor": "#c8a3ff",
          "borderBottomColor": "#9d5bff",
          "borderBottomWidth": 10,
          "borderLeft": "none",
          "borderRadius": 10,
          "borderRight": "none",
          "borderTop": "none",
          "padding": 10,
        },
      },
      "ref": null,
      "rendered": Object {
        "instance": null,
        "key": undefined,
        "nodeType": "class",
        "props": Object {
          "debounceTimeout": 500,
          "element": "input",
          "forceNotifyByEnter": true,
          "forceNotifyOnBlur": true,
          "inputRef": undefined,
          "minLength": 0,
          "onBlur": undefined,
          "onChange": [Function],
          "onKeyDown": undefined,
          "placeholder": "Search",
          "style": Object {
            "backgroundColor": "#c8a3ff",
            "borderBottomColor": "#9d5bff",
            "borderBottomWidth": 10,
            "borderLeft": "none",
            "borderRadius": 10,
            "borderRight": "none",
            "borderTop": "none",
            "padding": 10,
          },
          "type": "text",
          "value": undefined,
        },
        "ref": null,
        "rendered": null,
        "type": [Function],
      },
      "type": [Function],
    },
    "type": [Function],
  },
  Symbol(enzyme.__nodes__): Array [
    Object {
      "instance": null,
      "key": undefined,
      "nodeType": "class",
      "props": Object {
        "children": <WithStyles(Paper)
          elevation={1}
          style={
                    Object {
                              "backgroundColor": "#c8a3ff",
                              "borderBottomColor": "#9d5bff",
                              "borderBottomWidth": 10,
                              "borderLeft": "none",
                              "borderRadius": 10,
                              "borderRight": "none",
                              "borderTop": "none",
                              "padding": 10,
                            }
          }
>
          <DebounceInput
                    debounceTimeout={500}
                    element="input"
                    forceNotifyByEnter={true}
                    forceNotifyOnBlur={true}
                    inputRef={undefined}
                    minLength={0}
                    onBlur={undefined}
                    onChange={[Function]}
                    onKeyDown={undefined}
                    placeholder="Search"
                    style={
                              Object {
                                        "backgroundColor": "#c8a3ff",
                                        "borderBottomColor": "#9d5bff",
                                        "borderBottomWidth": 10,
                                        "borderLeft": "none",
                                        "borderRadius": 10,
                                        "borderRight": "none",
                                        "borderTop": "none",
                                        "padding": 10,
                                      }
                    }
                    type="text"
                    value={undefined}
          />
</WithStyles(Paper)>,
        "item": true,
        "style": Object {
          "margin": 20,
        },
      },
      "ref": null,
      "rendered": Object {
        "instance": null,
        "key": undefined,
        "nodeType": "class",
        "props": Object {
          "children": <DebounceInput
            debounceTimeout={500}
            element="input"
            forceNotifyByEnter={true}
            forceNotifyOnBlur={true}
            inputRef={undefined}
            minLength={0}
            onBlur={undefined}
            onChange={[Function]}
            onKeyDown={undefined}
            placeholder="Search"
            style={
                        Object {
                                    "backgroundColor": "#c8a3ff",
                                    "borderBottomColor": "#9d5bff",
                                    "borderBottomWidth": 10,
                                    "borderLeft": "none",
                                    "borderRadius": 10,
                                    "borderRight": "none",
                                    "borderTop": "none",
                                    "padding": 10,
                                  }
            }
            type="text"
            value={undefined}
/>,
          "elevation": 1,
          "style": Object {
            "backgroundColor": "#c8a3ff",
            "borderBottomColor": "#9d5bff",
            "borderBottomWidth": 10,
            "borderLeft": "none",
            "borderRadius": 10,
            "borderRight": "none",
            "borderTop": "none",
            "padding": 10,
          },
        },
        "ref": null,
        "rendered": Object {
          "instance": null,
          "key": undefined,
          "nodeType": "class",
          "props": Object {
            "debounceTimeout": 500,
            "element": "input",
            "forceNotifyByEnter": true,
            "forceNotifyOnBlur": true,
            "inputRef": undefined,
            "minLength": 0,
            "onBlur": undefined,
            "onChange": [Function],
            "onKeyDown": undefined,
            "placeholder": "Search",
            "style": Object {
              "backgroundColor": "#c8a3ff",
              "borderBottomColor": "#9d5bff",
              "borderBottomWidth": 10,
              "borderLeft": "none",
              "borderRadius": 10,
              "borderRight": "none",
              "borderTop": "none",
              "padding": 10,
            },
            "type": "text",
            "value": undefined,
          },
          "ref": null,
          "rendered": null,
          "type": [Function],
        },
        "type": [Function],
      },
      "type": [Function],
    },
  ],
  Symbol(enzyme.__options__): Object {
    "adapter": ReactSixteenAdapter {
      "options": Object {
        "enableComponentDidUpdateOnSetState": true,
        "lifecycles": Object {
          "componentDidUpdate": Object {
            "onSetState": true,
          },
          "getDerivedStateFromProps": true,
          "getSnapshotBeforeUpdate": true,
          "setState": Object {
            "skipsComponentDidUpdateOnNullish": true,
          },
        },
      },
    },
  },
}
`;
